Running Gradle task 'assembleRelease'...                        
flutter : Warning: Flutter 
support for your project's 
Gradle version (8.3.0) will 
soon be dropped. Please 
upgrade your Gradle version 
to a version of at least 
8.7.0 soon.
At line:1 char:1
+ flutter build apk > 
build_errors.txt 2>&1
+ ~~~~~~~~~~~~~~~~~~~~~~~~~~~
~~~~~~~~~~~~~~
    + CategoryInfo           
   : NotSpecified: (Warning  
  : Flutte...ast 8.7.0 soo   
 n.:String) [], RemoteExc    
eption
    + FullyQualifiedErrorId  
   : NativeCommandError
 
Alternatively, use the flag "
--android-skip-build-dependen
cy-validation" to bypass 
this check.

Potential fix: Your 
project's gradle version is 
typically defined in the 
gradle wrapper file. By 
default, this can be found 
at C:\Users\Living Reality\Do
wnloads\busbooking\mo_rental_
mobile\mo_rental_mobile\andro
id/gradle/wrapper/gradle-wrap
per.properties. 
For more information, see htt
ps://docs.gradle.org/current/
userguide/gradle_wrapper.html
.


FAILURE: Build failed with 
an exception.

* Where:
Build file 'C:\Users\Living R
eality\Downloads\busbooking\m
o_rental_mobile\mo_rental_mob
ile\android\app\build.gradle'
 line: 5

* What went wrong:
An exception occurred 
applying plugin request [id: 
'dev.flutter.flutter-gradle-p
lugin']
> Failed to apply plugin 'dev
.flutter.flutter-gradle-plugi
n'.
   > Error: Your project's 
Android Gradle Plugin 
version (Android Gradle 
Plugin version 8.1.0) is 
lower than Flutter's minimum 
supported version of Android 
Gradle Plugin version 8.1.1. 
Please upgrade your Android 
Gradle Plugin version. 
     Alternatively, use the 
flag "--android-skip-build-de
pendency-validation" to 
bypass this check.

     Potential fix: Your 
project's AGP version is 
typically defined in the 
plugins block of the 
`settings.gradle` file 
(C:\Users\Living Reality\Down
loads\busbooking\mo_rental_mo
bile\mo_rental_mobile\android
/settings.gradle), by a 
plugin with the id of 
com.android.application. 
     If you don't see a 
plugins block, your project 
was likely created with an 
older template version. In 
this case it is most likely 
defined in the top-level 
build.gradle file 
(C:\Users\Living Reality\Down
loads\busbooking\mo_rental_mo
bile\mo_rental_mobile\android
/build.gradle) by the 
following line in the 
dependencies block of the 
buildscript: "classpath 'com.
android.tools.build:gradle:<v
ersion>'".


* Try:
> Run with --stacktrace 
option to get the stack 
trace.
> Run with --info or --debug 
option to get more log 
output.
> Run with --scan to get 
full insights.
> Get more help at 
https://help.gradle.org.

BUILD FAILED in 8m 28s
Running Gradle task 'assembleRelease'...                          511.1s

┌─ Flutter Fix ─────────────────────────────────────────────────────────────────────────────────┐
│ [!] Starting AGP 9+, only the new DSL interface will be read. This results in a build failure │
│ when applying the Flutter Gradle plugin at C:\Users\Living                                    │
│ Reality\Downloads\busbooking\mo_rental_mobile\mo_rental_mobile\android\app\build.gradle.      │
│                                                                                               │
│ To resolve this update flutter or opt out of `android.newDsl`. For instructions on how to opt │
│ out, see: https://docs.flutter.dev/release/breaking-changes/migrate-to-agp-9                  │
│                                                                                               │
│ If you are not upgrading to AGP 9+, run `flutter analyze --suggestions` to check for          │
│ incompatible dependencies.                                                                    │
└───────────────────────────────────────────────────────────────────────────────────────────────┘
Gradle task assembleRelease 
failed with exit code 1
