Analyzing mo_rental_mobile...                                   

   info - Don't invoke 'print' in production code - lib\app\features\data\services\api_service.dart:23:7 - avoid_print
   info - Don't invoke 'print' in production code - lib\app\features\data\services\api_service.dart:25:7 - avoid_print
   info - Don't invoke 'print' in production code - lib\app\features\data\services\api_service.dart:26:7 - avoid_print
   info - Don't invoke 'print' in production code - lib\app\features\data\services\api_service.dart:27:7 - avoid_print
   info - Don't invoke 'print' in production code - lib\app\features\data\services\api_service.dart:45:7 - avoid_print
   info - Don't invoke 'print' in production code - lib\app\features\data\services\api_service.dart:46:7 - avoid_print
   info - Don't invoke 'print' in production code - lib\app\features\data\services\api_service.dart:47:7 - avoid_print
   info - Don't invoke 'print' in production code - lib\app\features\data\services\api_service.dart:48:7 - avoid_print
   info - Don't invoke 'print' in production code - lib\app\features\data\services\api_service.dart:49:7 - avoid_print
   info - Don't invoke 'print' in production code - lib\app\features\data\services\api_service.dart:53:9 - avoid_print
   info - Don't invoke 'print' in production code - lib\app\features\data\services\api_service.dart:63:9 - avoid_print
   info - Don't invoke 'print' in production code - lib\app\features\data\services\api_service.dart:83:9 - avoid_print
   info - Don't invoke 'print' in production code - lib\app\features\data\services\api_service.dart:92:7 - avoid_print
   info - Don't invoke 'print' in production code - lib\app\features\data\services\api_service.dart:93:7 - avoid_print
   info - Don't invoke 'print' in production code - lib\app\features\data\services\api_service.dart:98:9 - avoid_print
   info - Don't invoke 'print' in production code - lib\app\features\data\services\api_service.dart:99:9 - avoid_print
   info - Don't invoke 'print' in production code - lib\app\features\data\services\api_service.dart:109:7 - avoid_print
   info - Don't invoke 'print' in production code - lib\app\features\data\services\api_service.dart:117:7 - avoid_print
   info - Don't invoke 'print' in production code - lib\app\features\data\services\api_service.dart:118:7 - avoid_print
   info - Don't invoke 'print' in production code - lib\app\features\data\services\api_service.dart:137:7 - avoid_print
   info - Don't invoke 'print' in production code - lib\app\features\data\services\api_service.dart:147:7 - avoid_print
   info - Don't invoke 'print' in production code - lib\app\features\data\services\api_service.dart:156:7 - avoid_print
   info - Don't invoke 'print' in production code - lib\app\features\data\services\api_service.dart:157:7 - avoid_print
   info - Don't invoke 'print' in production code - lib\app\features\data\services\api_service.dart:158:7 - avoid_print
   info - Don't invoke 'print' in production code - lib\app\features\data\services\api_service.dart:159:7 - avoid_print
   info - Don't invoke 'print' in production code - lib\app\features\data\services\api_service.dart:160:7 - avoid_print
   info - Don't invoke 'print' in production code - lib\app\features\data\services\api_service.dart:164:9 - avoid_print
   info - Don't invoke 'print' in production code - lib\app\features\data\services\api_service.dart:174:9 - avoid_print
   info - Don't invoke 'print' in production code - lib\app\features\data\services\api_service.dart:183:9 - avoid_print
   info - Don't invoke 'print' in production code - lib\app\features\data\services\api_service.dart:184:9 - avoid_print
   info - Don't invoke 'print' in production code - lib\app\features\data\services\api_service.dart:185:9 - avoid_print
   info - Don't invoke 'print' in production code - lib\app\features\data\services\api_service.dart:195:7 - avoid_print
   info - Don't invoke 'print' in production code - lib\app\features\data\services\api_service.dart:203:7 - avoid_print
   info - Don't invoke 'print' in production code - lib\app\features\data\services\api_service.dart:222:7 - avoid_print
   info - Don't invoke 'print' in production code - lib\app\features\data\services\api_service.dart:225:7 - avoid_print
   info - Don't invoke 'print' in production code - lib\app\features\data\services\api_service.dart:226:7 - avoid_print
   info - Don't invoke 'print' in production code - lib\app\features\data\services\api_service.dart:241:7 - avoid_print
   info - Don't invoke 'print' in production code - lib\app\features\data\services\api_service.dart:242:7 - avoid_print
   info - Don't invoke 'print' in production code - lib\app\features\data\services\api_service.dart:243:7 - avoid_print
   info - Don't invoke 'print' in production code - lib\app\features\data\services\api_service.dart:244:7 - avoid_print
   info - Don't invoke 'print' in production code - lib\app\features\data\services\api_service.dart:248:9 - avoid_print
   info - Don't invoke 'print' in production code - lib\app\features\data\services\api_service.dart:258:9 - avoid_print
   info - Don't invoke 'print' in production code - lib\app\features\data\services\api_service.dart:267:9 - avoid_print
   info - Don't invoke 'print' in production code - lib\app\features\data\services\api_service.dart:268:9 - avoid_print
   info - Don't invoke 'print' in production code - lib\app\features\data\services\api_service.dart:278:7 - avoid_print
   info - Don't invoke 'print' in production code - lib\app\features\data\services\api_service.dart:295:7 - avoid_print
   info - Don't invoke 'print' in production code - lib\app\features\data\services\api_service.dart:298:7 - avoid_print
   info - Don't invoke 'print' in production code - lib\app\features\data\services\api_service.dart:311:7 - avoid_print
   info - Don't invoke 'print' in production code - lib\app\features\data\services\api_service.dart:312:7 - avoid_print
   info - Don't invoke 'print' in production code - lib\app\features\data\services\api_service.dart:313:7 - avoid_print
   info - Don't invoke 'print' in production code - lib\app\features\data\services\api_service.dart:314:7 - avoid_print
   info - Don't invoke 'print' in production code - lib\app\features\data\services\api_service.dart:318:9 - avoid_print
   info - Don't invoke 'print' in production code - lib\app\features\data\services\api_service.dart:328:9 - avoid_print
   info - Don't invoke 'print' in production code - lib\app\features\data\services\api_service.dart:334:9 - avoid_print
   info - Don't invoke 'print' in production code - lib\app\features\data\services\api_service.dart:335:9 - avoid_print
   info - Don't invoke 'print' in production code - lib\app\features\data\services\api_service.dart:345:7 - avoid_print
   info - Don't invoke 'print' in production code - lib\app\features\data\services\booking_service.dart:32:5 - avoid_print
   info - Don't invoke 'print' in production code - lib\app\features\data\services\booking_service.dart:42:7 - avoid_print
   info - Don't invoke 'print' in production code - lib\app\features\data\services\booking_service.dart:43:7 - avoid_print
   info - Don't invoke 'print' in production code - lib\app\features\data\services\booking_service.dart:49:7 - avoid_print
   info - Don't invoke 'print' in production code - lib\app\features\data\services\booking_service.dart:50:7 - avoid_print
   info - Don't invoke 'print' in production code - lib\app\features\data\services\booking_service.dart:75:7 - avoid_print
   info - Don't invoke 'print' in production code - lib\app\features\data\services\booking_service.dart:88:5 - avoid_print
   info - Don't invoke 'print' in production code - lib\app\features\data\services\booking_service.dart:91:7 - avoid_print
   info - Don't invoke 'print' in production code - lib\app\features\data\services\booking_service.dart:97:7 - avoid_print
   info - Don't invoke 'print' in production code - lib\app\features\data\services\booking_service.dart:98:7 - avoid_print
   info - Don't invoke 'print' in production code - lib\app\features\data\services\booking_service.dart:105:9 - avoid_print
   info - Don't invoke 'print' in production code - lib\app\features\data\services\booking_service.dart:119:7 - avoid_print
   info - Don't invoke 'print' in production code - lib\app\features\data\services\booking_service.dart:132:5 - avoid_print
   info - Don't invoke 'print' in production code - lib\app\features\data\services\driver_service.dart:17:5 - avoid_print
   info - Don't invoke 'print' in production code - lib\app\features\data\services\driver_service.dart:21:7 - avoid_print
   info - Don't invoke 'print' in production code - lib\app\features\data\services\driver_service.dart:28:7 - avoid_print
   info - Don't invoke 'print' in production code - lib\app\features\data\services\driver_service.dart:29:7 - avoid_print
   info - Don't invoke 'print' in production code - lib\app\features\data\services\driver_service.dart:37:9 - avoid_print
   info - Don't invoke 'print' in production code - lib\app\features\data\services\driver_service.dart:45:9 - avoid_print
   info - Don't invoke 'print' in production code - lib\app\features\data\services\driver_service.dart:53:7 - avoid_print
   info - Don't invoke 'print' in production code - lib\app\features\data\services\driver_service.dart:70:5 - avoid_print
   info - Don't invoke 'print' in production code - lib\app\features\data\services\driver_service.dart:91:5 - avoid_print
   info - Don't invoke 'print' in production code - lib\app\features\data\services\driver_service.dart:114:5 - avoid_print
   info - Don't invoke 'print' in production code - lib\app\features\data\services\driver_service.dart:115:5 - avoid_print
   info - Don't invoke 'print' in production code - lib\app\features\data\services\driver_service.dart:139:5 - avoid_print
   info - Don't invoke 'print' in production code - lib\app\features\modules\auth\controllers\auth_controller.dart:22:5 - avoid_print
   info - Don't invoke 'print' in production code - lib\app\features\modules\auth\controllers\auth_controller.dart:23:5 - avoid_print
   info - Don't invoke 'print' in production code - lib\app\features\modules\auth\controllers\auth_controller.dart:24:5 - avoid_print
   info - Don't invoke 'print' in production code - lib\app\features\modules\auth\controllers\auth_controller.dart:25:5 - avoid_print
   info - Don't invoke 'print' in production code - lib\app\features\modules\auth\controllers\auth_controller.dart:26:5 - avoid_print
   info - Don't invoke 'print' in production code - lib\app\features\modules\auth\controllers\auth_controller.dart:27:5 - avoid_print
   info - Don't invoke 'print' in production code - lib\app\features\modules\auth\controllers\auth_controller.dart:28:5 - avoid_print
   info - Don't invoke 'print' in production code - lib\app\features\modules\auth\controllers\auth_controller.dart:29:5 - avoid_print
   info - Don't invoke 'print' in production code - lib\app\features\modules\auth\controllers\auth_controller.dart:30:5 - avoid_print
   info - Don't invoke 'print' in production code - lib\app\features\modules\auth\controllers\auth_controller.dart:51:7 - avoid_print
   info - Don't invoke 'print' in production code - lib\app\features\modules\auth\controllers\auth_controller.dart:52:7 - avoid_print
   info - Don't invoke 'print' in production code - lib\app\features\modules\auth\controllers\auth_controller.dart:53:7 - avoid_print
   info - Don't invoke 'print' in production code - lib\app\features\modules\auth\controllers\auth_controller.dart:72:9 - avoid_print
   info - Don't invoke 'print' in production code - lib\app\features\modules\auth\controllers\auth_controller.dart:77:7 - avoid_print
   info - Don't invoke 'print' in production code - lib\app\features\modules\auth\controllers\auth_controller.dart:118:7 - avoid_print
   info - Don't invoke 'print' in production code - lib\app\features\modules\auth\controllers\auth_controller.dart:119:7 - avoid_print
   info - Don't invoke 'print' in production code - lib\app\features\modules\auth\controllers\auth_controller.dart:132:9 - avoid_print
   info - Don't invoke 'print' in production code - lib\app\features\modules\auth\controllers\auth_controller.dart:133:9 - avoid_print
   info - Don't invoke 'print' in production code - lib\app\features\modules\auth\controllers\auth_controller.dart:134:9 - avoid_print
   info - Don't invoke 'print' in production code - lib\app\features\modules\auth\controllers\auth_controller.dart:135:9 - avoid_print
   info - Don't invoke 'print' in production code - lib\app\features\modules\auth\controllers\auth_controller.dart:136:9 - avoid_print
   info - Don't invoke 'print' in production code - lib\app\features\modules\auth\controllers\auth_controller.dart:137:9 - avoid_print
   info - Don't invoke 'print' in production code - lib\app\features\modules\auth\controllers\auth_controller.dart:141:11 - avoid_print
   info - Don't invoke 'print' in production code - lib\app\features\modules\auth\controllers\auth_controller.dart:145:11 - avoid_print
   info - Don't invoke 'print' in production code - lib\app\features\modules\auth\controllers\auth_controller.dart:150:9 - avoid_print
   info - Don't invoke 'print' in production code - lib\app\features\modules\auth\controllers\auth_controller.dart:162:7 - avoid_print
   info - Don't invoke 'print' in production code - lib\app\features\modules\auth\controllers\auth_controller.dart:203:7 - avoid_print
   info - Don't invoke 'print' in production code - lib\app\features\modules\auth\controllers\auth_controller.dart:204:7 - avoid_print
   info - Don't invoke 'print' in production code - lib\app\features\modules\auth\controllers\auth_controller.dart:219:9 - avoid_print
   info - Don't invoke 'print' in production code - lib\app\features\modules\auth\controllers\auth_controller.dart:220:9 - avoid_print
   info - Don't invoke 'print' in production code - lib\app\features\modules\auth\controllers\auth_controller.dart:225:9 - avoid_print
   info - Don't invoke 'print' in production code - lib\app\features\modules\auth\controllers\auth_controller.dart:237:7 - avoid_print
   info - Don't invoke 'print' in production code - lib\app\features\modules\auth\controllers\auth_controller.dart:266:5 - avoid_print
   info - Don't invoke 'print' in production code - lib\app\features\modules\auth\controllers\auth_controller.dart:271:5 - avoid_print
   info - Don't invoke 'print' in production code - lib\app\features\modules\auth\controllers\auth_controller.dart:290:5 - avoid_print
   info - Don't invoke 'print' in production code - lib\app\features\modules\auth\controllers\auth_controller.dart:291:5 - avoid_print
   info - Don't invoke 'print' in production code - lib\app\features\modules\auth\controllers\auth_controller.dart:292:5 - avoid_print
   info - Don't invoke 'print' in production code - lib\app\features\modules\auth\controllers\auth_controller.dart:293:5 - avoid_print
   info - Don't invoke 'print' in production code - lib\app\features\modules\auth\controllers\auth_controller.dart:294:5 - avoid_print
   info - Don't invoke 'print' in production code - lib\app\features\modules\auth\controllers\auth_controller.dart:295:5 - avoid_print
   info - Don't invoke 'print' in production code - lib\app\features\modules\auth\controllers\auth_controller.dart:302:5 - avoid_print
   info - Don't invoke 'print' in production code - lib\app\features\modules\auth\controllers\auth_controller.dart:303:5 - avoid_print
   info - Don't invoke 'print' in production code - lib\app\features\modules\auth\views\login_screen.dart:31:5 - avoid_print
   info - Don't invoke 'print' in production code - lib\app\features\modules\auth\views\login_screen.dart:32:5 - avoid_print
   info - Don't invoke 'print' in production code - lib\app\features\modules\auth\views\login_screen.dart:33:5 - avoid_print
   info - Don't invoke 'print' in production code - lib\app\features\modules\auth\views\login_screen.dart:34:5 - avoid_print
   info - Don't invoke 'print' in production code - lib\app\features\modules\auth\views\login_screen.dart:35:5 - avoid_print
   info - Don't invoke 'print' in production code - lib\app\features\modules\auth\views\login_screen.dart:61:7 - avoid_print
   info - Don't invoke 'print' in production code - lib\app\features\modules\auth\views\login_screen.dart:62:7 - avoid_print
   info - Don't invoke 'print' in production code - lib\app\features\modules\auth\views\login_screen.dart:63:7 - avoid_print
   info - Don't invoke 'print' in production code - lib\app\features\modules\auth\views\login_screen.dart:64:7 - avoid_print
   info - Don't invoke 'print' in production code - lib\app\features\modules\auth\views\login_screen.dart:84:5 - avoid_print
   info - 'withOpacity' is deprecated and shouldn't be used. Use .withValues() to avoid precision loss - lib\app\features\modules\auth\views\login_screen.dart:177:57 - deprecated_member_use
   info - 'withOpacity' is deprecated and shouldn't be used. Use .withValues() to avoid precision loss - lib\app\features\modules\auth\views\login_screen.dart:207:53 - deprecated_member_use
   info - 'withOpacity' is deprecated and shouldn't be used. Use .withValues() to avoid precision loss - lib\app\features\modules\auth\views\login_screen.dart:209:72 - deprecated_member_use
   info - 'withOpacity' is deprecated and shouldn't be used. Use .withValues() to avoid precision loss - lib\app\features\modules\auth\views\login_screen.dart:262:51 - deprecated_member_use
   info - 'withOpacity' is deprecated and shouldn't be used. Use .withValues() to avoid precision loss - lib\app\features\modules\auth\views\register_screen.dart:205:49 - deprecated_member_use
   info - 'withOpacity' is deprecated and shouldn't be used. Use .withValues() to avoid precision loss - lib\app\features\modules\auth\views\register_screen.dart:207:68 - deprecated_member_use
   info - Don't invoke 'print' in production code - lib\app\features\modules\bindings\rate_plan_binding.dart:9:5 - avoid_print
   info - 'withOpacity' is deprecated and shouldn't be used. Use .withValues() to avoid precision loss - lib\app\features\modules\booking\views\booking_overview_page.dart:99:49 - deprecated_member_use
   info - 'withOpacity' is deprecated and shouldn't be used. Use .withValues() to avoid precision loss - lib\app\features\modules\booking\views\booking_overview_page.dart:113:59 - deprecated_member_use
   info - 'withOpacity' is deprecated and shouldn't be used. Use .withValues() to avoid precision loss - lib\app\features\modules\booking\views\booking_overview_page.dart:121:65 - deprecated_member_use
   info - 'withOpacity' is deprecated and shouldn't be used. Use .withValues() to avoid precision loss - lib\app\features\modules\booking\views\booking_overview_page.dart:255:49 - deprecated_member_use
   info - 'withOpacity' is deprecated and shouldn't be used. Use .withValues() to avoid precision loss - lib\app\features\modules\booking\views\booking_overview_page.dart:299:53 - deprecated_member_use
   info - 'withOpacity' is deprecated and shouldn't be used. Use .withValues() to avoid precision loss - lib\app\features\modules\booking\views\booking_overview_page.dart:351:49 - deprecated_member_use
   info - 'withOpacity' is deprecated and shouldn't be used. Use .withValues() to avoid precision loss - lib\app\features\modules\booking\views\booking_overview_page.dart:385:49 - deprecated_member_use
   info - 'withOpacity' is deprecated and shouldn't be used. Use .withValues() to avoid precision loss - lib\app\features\modules\booking\views\booking_success_page.dart:30:47 - deprecated_member_use
   info - 'withOpacity' is deprecated and shouldn't be used. Use .withValues() to avoid precision loss - lib\app\features\modules\booking\views\booking_success_page.dart:31:66 - deprecated_member_use
   info - 'withOpacity' is deprecated and shouldn't be used. Use .withValues() to avoid precision loss - lib\app\features\modules\booking\views\booking_success_page.dart:88:45 - deprecated_member_use
   info - 'withOpacity' is deprecated and shouldn't be used. Use .withValues() to avoid precision loss - lib\app\features\modules\booking\views\my_bookings_page.dart:88:30 - deprecated_member_use
   info - 'withOpacity' is deprecated and shouldn't be used. Use .withValues() to avoid precision loss - lib\app\features\modules\booking\views\my_bookings_page.dart:93:33 - deprecated_member_use
   info - 'withOpacity' is deprecated and shouldn't be used. Use .withValues() to avoid precision loss - lib\app\features\modules\booking\views\my_bookings_page.dart:105:34 - deprecated_member_use
   info - 'withOpacity' is deprecated and shouldn't be used. Use .withValues() to avoid precision loss - lib\app\features\modules\booking\views\my_bookings_page.dart:144:53 - deprecated_member_use
   info - 'withOpacity' is deprecated and shouldn't be used. Use .withValues() to avoid precision loss - lib\app\features\modules\booking\views\my_bookings_page.dart:326:22 - deprecated_member_use
   info - 'withOpacity' is deprecated and shouldn't be used. Use .withValues() to avoid precision loss - lib\app\features\modules\booking\views\my_bookings_page.dart:328:41 - deprecated_member_use
   info - 'withOpacity' is deprecated and shouldn't be used. Use .withValues() to avoid precision loss - lib\app\features\modules\booking\views\my_bookings_page.dart:461:43 - deprecated_member_use
   info - Don't invoke 'print' in production code - lib\app\features\modules\driver\controllers\driver_controller.dart:73:7 - avoid_print
   info - Don't invoke 'print' in production code - lib\app\features\modules\driver\controllers\driver_controller.dart:83:7 - avoid_print
   info - Don't invoke 'print' in production code - lib\app\features\modules\driver\controllers\driver_controller.dart:91:7 - avoid_print
   info - Don't invoke 'print' in production code - lib\app\features\modules\driver\controllers\driver_controller.dart:93:7 - avoid_print
   info - Don't invoke 'print' in production code - lib\app\features\modules\driver\controllers\driver_controller.dart:199:9 - avoid_print
   info - 'withOpacity' is deprecated and shouldn't be used. Use .withValues() to avoid precision loss - lib\app\features\modules\driver\views\driver_view.dart:97:51 - deprecated_member_use
   info - 'withOpacity' is deprecated and shouldn't be used. Use .withValues() to avoid precision loss - lib\app\features\modules\driver\views\driver_view.dart:176:51 - deprecated_member_use
   info - 'withOpacity' is deprecated and shouldn't be used. Use .withValues() to avoid precision loss - lib\app\features\modules\driver\views\driver_view.dart:216:34 - deprecated_member_use
   info - 'activeColor' is deprecated and shouldn't be used. Use activeThumbColor instead. This feature was deprecated after v3.31.0-2.0.pre - lib\app\features\modules\driver\views\driver_view.dart:265:17 - deprecated_member_use
   info - 'withOpacity' is deprecated and shouldn't be used. Use .withValues() to avoid precision loss - lib\app\features\modules\driver\widgets\car_rental_content.dart:48:42 - deprecated_member_use
   info - 'withOpacity' is deprecated and shouldn't be used. Use .withValues() to avoid precision loss - lib\app\features\modules\driver\widgets\car_rental_content.dart:62:43 - deprecated_member_use
   info - 'withOpacity' is deprecated and shouldn't be used. Use .withValues() to avoid precision loss - lib\app\features\modules\driver\widgets\car_rental_content.dart:85:53 - deprecated_member_use
   info - 'withOpacity' is deprecated and shouldn't be used. Use .withValues() to avoid precision loss - lib\app\features\modules\driver\widgets\car_rental_content.dart:180:43 - deprecated_member_use
   info - 'withOpacity' is deprecated and shouldn't be used. Use .withValues() to avoid precision loss - lib\app\features\modules\driver\widgets\document_list.dart:57:42 - deprecated_member_use
   info - 'withOpacity' is deprecated and shouldn't be used. Use .withValues() to avoid precision loss - lib\app\features\modules\driver\widgets\document_list.dart:65:71 - deprecated_member_use
   info - 'withOpacity' is deprecated and shouldn't be used. Use .withValues() to avoid precision loss - lib\app\features\modules\driver\widgets\document_list.dart:86:34 - deprecated_member_use
   info - 'withOpacity' is deprecated and shouldn't be used. Use .withValues() to avoid precision loss - lib\app\features\modules\driver\widgets\driver_profile_header.dart:42:42 - deprecated_member_use
   info - 'withOpacity' is deprecated and shouldn't be used. Use .withValues() to avoid precision loss - lib\app\features\modules\driver\widgets\driver_profile_header.dart:60:59 - deprecated_member_use
   info - 'withOpacity' is deprecated and shouldn't be used. Use .withValues() to avoid precision loss - lib\app\features\modules\driver\widgets\driver_profile_header.dart:74:55 - deprecated_member_use
   info - 'withOpacity' is deprecated and shouldn't be used. Use .withValues() to avoid precision loss - lib\app\features\modules\driver\widgets\driver_profile_header.dart:162:48 - deprecated_member_use
   info - 'withOpacity' is deprecated and shouldn't be used. Use .withValues() to avoid precision loss - lib\app\features\modules\driver\widgets\driver_profile_header.dart:163:49 - deprecated_member_use
   info - 'withOpacity' is deprecated and shouldn't be used. Use .withValues() to avoid precision loss - lib\app\features\modules\driver\widgets\driver_profile_header.dart:165:81 - deprecated_member_use
   info - 'withOpacity' is deprecated and shouldn't be used. Use .withValues() to avoid precision loss - lib\app\features\modules\driver\widgets\driver_profile_header.dart:165:114 - deprecated_member_use
   info - 'withOpacity' is deprecated and shouldn't be used. Use .withValues() to avoid precision loss - lib\app\features\modules\driver\widgets\driver_profile_header.dart:239:53 - deprecated_member_use
   info - 'withOpacity' is deprecated and shouldn't be used. Use .withValues() to avoid precision loss - lib\app\features\modules\driver\widgets\driver_profile_header.dart:241:72 - deprecated_member_use
   info - 'withOpacity' is deprecated and shouldn't be used. Use .withValues() to avoid precision loss - lib\app\features\modules\driver\widgets\driver_profile_header.dart:273:22 - deprecated_member_use
   info - 'withOpacity' is deprecated and shouldn't be used. Use .withValues() to avoid precision loss - lib\app\features\modules\driver\widgets\earnings_card.dart:18:41 - deprecated_member_use
   info - 'withOpacity' is deprecated and shouldn't be used. Use .withValues() to avoid precision loss - lib\app\features\modules\driver\widgets\earnings_card.dart:37:39 - deprecated_member_use
   info - 'withOpacity' is deprecated and shouldn't be used. Use .withValues() to avoid precision loss - lib\app\features\modules\driver\widgets\earnings_card.dart:52:75 - deprecated_member_use
   info - 'withOpacity' is deprecated and shouldn't be used. Use .withValues() to avoid precision loss - lib\app\features\modules\driver\widgets\earnings_card.dart:80:58 - deprecated_member_use
   info - 'withOpacity' is deprecated and shouldn't be used. Use .withValues() to avoid precision loss - lib\app\features\modules\driver\widgets\ride_hailing_content.dart:44:37 - deprecated_member_use
   info - 'withOpacity' is deprecated and shouldn't be used. Use .withValues() to avoid precision loss - lib\app\features\modules\driver\widgets\ride_hailing_content.dart:68:37 - deprecated_member_use
   info - 'withOpacity' is deprecated and shouldn't be used. Use .withValues() to avoid precision loss - lib\app\features\modules\driver\widgets\ride_hailing_content.dart:70:56 - deprecated_member_use
   info - 'withOpacity' is deprecated and shouldn't be used. Use .withValues() to avoid precision loss - lib\app\features\modules\driver\widgets\ride_hailing_content.dart:75:82 - deprecated_member_use
   info - 'withOpacity' is deprecated and shouldn't be used. Use .withValues() to avoid precision loss - lib\app\features\modules\driver\widgets\ride_hailing_content.dart:102:42 - deprecated_member_use
   info - 'withOpacity' is deprecated and shouldn't be used. Use .withValues() to avoid precision loss - lib\app\features\modules\driver\widgets\ride_hailing_content.dart:128:56 - deprecated_member_use
   info - 'withOpacity' is deprecated and shouldn't be used. Use .withValues() to avoid precision loss - lib\app\features\modules\driver\widgets\ride_hailing_content.dart:131:41 - deprecated_member_use
   info - 'withOpacity' is deprecated and shouldn't be used. Use .withValues() to avoid precision loss - lib\app\features\modules\driver\widgets\ride_hailing_content.dart:198:33 - deprecated_member_use
   info - 'withOpacity' is deprecated and shouldn't be used. Use .withValues() to avoid precision loss - lib\app\features\modules\driver\widgets\ride_hailing_content.dart:241:55 - deprecated_member_use
   info - Don't invoke 'print' in production code - lib\app\features\modules\drivers\controllers\drivers_controller.dart:76:7 - avoid_print
   info - 'withOpacity' is deprecated and shouldn't be used. Use .withValues() to avoid precision loss - lib\app\features\modules\drivers\views\drivers_view.dart:190:43 - deprecated_member_use
   info - 'withOpacity' is deprecated and shouldn't be used. Use .withValues() to avoid precision loss - lib\app\features\modules\drivers\views\drivers_view.dart:289:38 - deprecated_member_use
   info - 'withOpacity' is deprecated and shouldn't be used. Use .withValues() to avoid precision loss - lib\app\features\modules\drivers\views\drivers_view.dart:294:33 - deprecated_member_use
   info - 'withOpacity' is deprecated and shouldn't be used. Use .withValues() to avoid precision loss - lib\app\features\modules\drivers\views\drivers_view.dart:318:55 - deprecated_member_use
   info - 'withOpacity' is deprecated and shouldn't be used. Use .withValues() to avoid precision loss - lib\app\features\modules\drivers\views\drivers_view.dart:318:94 - deprecated_member_use
   info - 'withOpacity' is deprecated and shouldn't be used. Use .withValues() to avoid precision loss - lib\app\features\modules\profile\views\profile_screen.dart:40:55 - deprecated_member_use
   info - 'withOpacity' is deprecated and shouldn't be used. Use .withValues() to avoid precision loss - lib\app\features\modules\profile\views\profile_screen.dart:104:41 - deprecated_member_use
   info - 'withOpacity' is deprecated and shouldn't be used. Use .withValues() to avoid precision loss - lib\app\features\modules\profile\views\profile_screen.dart:207:49 - deprecated_member_use
   info - 'withOpacity' is deprecated and shouldn't be used. Use .withValues() to avoid precision loss - lib\app\features\modules\profile\views\profile_screen.dart:210:51 - deprecated_member_use
   info - 'withOpacity' is deprecated and shouldn't be used. Use .withValues() to avoid precision loss - lib\app\features\modules\profile\views\profile_screen.dart:214:33 - deprecated_member_use
   info - 'withOpacity' is deprecated and shouldn't be used. Use .withValues() to avoid precision loss - lib\app\features\modules\profile\views\profile_screen.dart:227:66 - deprecated_member_use
   info - Don't invoke 'print' in production code - lib\app\features\modules\promo_code\controllers\promo_code_controller.dart:31:7 - avoid_print
   info - 'withOpacity' is deprecated and shouldn't be used. Use .withValues() to avoid precision loss - lib\app\features\modules\promo_code\views\promo_code_screen.dart:93:50 - deprecated_member_use
   info - Don't invoke 'print' in production code - lib\app\features\modules\rate_plans\controllers\rate_plan_controller.dart:48:5 - avoid_print
   info - Don't invoke 'print' in production code - lib\app\features\modules\rate_plans\controllers\rate_plan_controller.dart:74:5 - avoid_print
   info - Don't invoke 'print' in production code - lib\app\features\modules\rate_plans\controllers\rate_plan_controller.dart:75:5 - avoid_print
   info - Don't invoke 'print' in production code - lib\app\features\modules\rate_plans\controllers\rate_plan_controller.dart:76:5 - avoid_print
   info - Don't invoke 'print' in production code - lib\app\features\modules\rate_plans\controllers\rate_plan_controller.dart:80:7 - avoid_print
   info - Don't invoke 'print' in production code - lib\app\features\modules\rate_plans\controllers\rate_plan_controller.dart:93:5 - avoid_print
   info - Don't invoke 'print' in production code - lib\app\features\modules\rate_plans\controllers\rate_plan_controller.dart:100:5 - avoid_print
   info - Don't invoke 'print' in production code - lib\app\features\modules\rate_plans\controllers\rate_plan_controller.dart:101:5 - avoid_print
   info - Don't invoke 'print' in production code - lib\app\features\modules\rate_plans\controllers\rate_plan_controller.dart:102:5 - avoid_print
   info - Don't invoke 'print' in production code - lib\app\features\modules\rate_plans\controllers\rate_plan_controller.dart:103:5 - avoid_print
   info - Don't invoke 'print' in production code - lib\app\features\modules\rate_plans\controllers\rate_plan_controller.dart:104:5 - avoid_print
   info - Don't invoke 'print' in production code - lib\app\features\modules\rate_plans\controllers\rate_plan_controller.dart:105:5 - avoid_print
   info - Don't invoke 'print' in production code - lib\app\features\modules\rate_plans\controllers\rate_plan_controller.dart:151:5 - avoid_print
   info - Don't invoke 'print' in production code - lib\app\features\modules\rate_plans\controllers\rate_plan_controller.dart:152:5 - avoid_print
   info - Don't invoke 'print' in production code - lib\app\features\modules\rate_plans\controllers\rate_plan_controller.dart:153:5 - avoid_print
   info - Don't invoke 'print' in production code - lib\app\features\modules\rate_plans\controllers\rate_plan_controller.dart:154:5 - avoid_print
   info - Don't invoke 'print' in production code - lib\app\features\modules\rate_plans\controllers\rate_plan_controller.dart:175:5 - avoid_print
   info - Don't invoke 'print' in production code - lib\app\features\modules\rate_plans\controllers\rate_plan_controller.dart:176:5 - avoid_print
   info - Don't invoke 'print' in production code - lib\app\features\modules\rate_plans\controllers\rate_plan_controller.dart:177:5 - avoid_print
   info - Don't invoke 'print' in production code - lib\app\features\modules\rate_plans\controllers\rate_plan_controller.dart:178:5 - avoid_print
   info - Don't invoke 'print' in production code - lib\app\features\modules\rate_plans\controllers\rate_plan_controller.dart:179:5 - avoid_print
   info - Don't invoke 'print' in production code - lib\app\features\modules\rate_plans\controllers\rate_plan_controller.dart:180:5 - avoid_print
   info - 'withOpacity' is deprecated and shouldn't be used. Use .withValues() to avoid precision loss - lib\app\features\modules\rate_plans\views\rate_plans_screen.dart:76:45 - deprecated_member_use
   info - 'withOpacity' is deprecated and shouldn't be used. Use .withValues() to avoid precision loss - lib\app\features\modules\rate_plans\views\rate_plans_screen.dart:254:47 - deprecated_member_use
   info - Don't invoke 'print' in production code - lib\app\features\widgets\agent_botton_nav\agent_botton_nav_tabs.dart:39:5 - avoid_print
   info - Don't invoke 'print' in production code - lib\app\features\widgets\agent_botton_nav\agent_botton_nav_tabs.dart:41:5 - avoid_print
   info - 'withOpacity' is deprecated and shouldn't be used. Use .withValues() to avoid precision loss - lib\app\features\widgets\agent_botton_nav\agent_botton_nav_tabs.dart:120:35 - deprecated_member_use
   info - 'withOpacity' is deprecated and shouldn't be used. Use .withValues() to avoid precision loss - lib\app\features\widgets\onboardpage_widget\onboardpage_widget.dart:15:54 - deprecated_member_use
   info - 'withOpacity' is deprecated and shouldn't be used. Use .withValues() to avoid precision loss - lib\app\features\widgets\sidebar_widget\sidebar_widget.dart:138:39 - deprecated_member_use
   info - 'withOpacity' is deprecated and shouldn't be used. Use .withValues() to avoid precision loss - lib\app\features\widgets\sidebar_widget\sidebar_widget.dart:186:54 - deprecated_member_use
   info - 'withOpacity' is deprecated and shouldn't be used. Use .withValues() to avoid precision loss - lib\app\features\widgets\sidebar_widget\sidebar_widget.dart:242:59 - deprecated_member_use
   info - 'withOpacity' is deprecated and shouldn't be used. Use .withValues() to avoid precision loss - lib\app\features\widgets\sidebar_widget\sidebar_widget.dart:244:78 - deprecated_member_use
   info - 'withOpacity' is deprecated and shouldn't be used. Use .withValues() to avoid precision loss - lib\app\features\widgets\sidebar_widget\sidebar_widget.dart:289:61 - deprecated_member_use
   info - 'withOpacity' is deprecated and shouldn't be used. Use .withValues() to avoid precision loss - lib\app\features\widgets\sidebar_widget\sidebar_widget.dart:329:47 - deprecated_member_use
   info - 'withOpacity' is deprecated and shouldn't be used. Use .withValues() to avoid precision loss - lib\app\features\widgets\sidebar_widget\sidebar_widget.dart:354:37 - deprecated_member_use
   info - Don't invoke 'print' in production code - lib\data\repositories\booking_repository.dart:16:7 - avoid_print
   info - Don't invoke 'print' in production code - lib\data\services\booking_service.dart:20:7 - avoid_print
   info - Don't invoke 'print' in production code - lib\data\services\booking_service.dart:21:7 - avoid_print
   info - Don't invoke 'print' in production code - lib\data\services\booking_service.dart:22:7 - avoid_print
   info - Don't invoke 'print' in production code - lib\data\services\booking_service.dart:23:7 - avoid_print
   info - Don't invoke 'print' in production code - lib\domain\repositories\auth_repository.dart:14:5 - avoid_print
   info - Don't invoke 'print' in production code - lib\domain\repositories\auth_repository.dart:20:5 - avoid_print
   info - Don't invoke 'print' in production code - lib\domain\repositories\auth_repository.dart:21:33 - avoid_print
   info - Don't invoke 'print' in production code - lib\domain\repositories\auth_repository.dart:27:5 - avoid_print
   info - Don't invoke 'print' in production code - lib\domain\repositories\auth_repository.dart:33:5 - avoid_print
   info - Don't invoke 'print' in production code - lib\domain\repositories\auth_repository.dart:34:33 - avoid_print
   info - Don't invoke 'print' in production code - lib\domain\repositories\auth_repository.dart:35:32 - avoid_print
   info - Don't invoke 'print' in production code - lib\domain\repositories\auth_repository.dart:40:5 - avoid_print
   info - Don't invoke 'print' in production code - lib\domain\repositories\auth_repository.dart:46:5 - avoid_print
   info - Don't invoke 'print' in production code - lib\domain\repositories\promo_code_repository.dart:57:9 - avoid_print
   info - Don't invoke 'print' in production code - lib\domain\repositories\promo_code_repository.dart:64:5 - avoid_print
   info - Don't invoke 'print' in production code - lib\domain\repositories\promo_code_repository.dart:65:5 - avoid_print
   info - Don't invoke 'print' in production code - lib\domain\repositories\promo_code_repository.dart:66:5 - avoid_print
   info - Don't invoke 'print' in production code - lib\domain\repositories\promo_code_repository.dart:67:5 - avoid_print
   info - Don't invoke 'print' in production code - lib\domain\repositories\promo_code_repository.dart:70:7 - avoid_print
   info - Don't invoke 'print' in production code - lib\domain\repositories\promo_code_repository.dart:73:9 - avoid_print
   info - Don't invoke 'print' in production code - lib\domain\repositories\promo_code_repository.dart:77:5 - avoid_print
   info - Don't invoke 'print' in production code - lib\domain\repositories\promo_code_repository.dart:78:5 - avoid_print
   info - Don't invoke 'print' in production code - lib\domain\repositories\promo_code_repository.dart:79:5 - avoid_print
   info - Don't invoke 'print' in production code - lib\domain\repositories\promo_code_repository.dart:89:5 - avoid_print
   info - Don't invoke 'print' in production code - lib\domain\repositories\promo_code_repository.dart:90:5 - avoid_print
   info - Don't invoke 'print' in production code - lib\domain\repositories\promo_code_repository.dart:91:5 - avoid_print
   info - Don't invoke 'print' in production code - lib\domain\repositories\promo_code_repository.dart:92:5 - avoid_print
   info - Don't invoke 'print' in production code - lib\domain\repositories\promo_code_repository.dart:93:5 - avoid_print
   info - Don't invoke 'print' in production code - lib\main.dart:54:41 - avoid_print
   info - 'withOpacity' is deprecated and shouldn't be used. Use .withValues() to avoid precision loss - lib\presentation\pages\bookings_page.dart:99:43 - deprecated_member_use
   info - Don't invoke 'print' in production code - lib\presentation\providers\booking_provider.dart:41:7 - avoid_print
   info - 'withOpacity' is deprecated and shouldn't be used. Use .withValues() to avoid precision loss - lib\presentation\widgets\booking_card.dart:28:33 - deprecated_member_use
   info - 'withOpacity' is deprecated and shouldn't be used. Use .withValues() to avoid precision loss - lib\presentation\widgets\booking_card.dart:42:57 - deprecated_member_use
   info - 'withOpacity' is deprecated and shouldn't be used. Use .withValues() to avoid precision loss - lib\presentation\widgets\booking_card.dart:71:60 - deprecated_member_use

